Archive member included to satisfy reference by file (symbol)

C:/Apps/arm-toolchain/bin/../lib/gcc/arm-none-eabi/13.2.1/thumb/v8-m.main+fp/hard\libc_nano.a(libc_a-atoi.o)
                              H:/DVA270/nrfx/src/sample/../../build/main.c.o (atoi)
C:/Apps/arm-toolchain/bin/../lib/gcc/arm-none-eabi/13.2.1/thumb/v8-m.main+fp/hard\libc_nano.a(libc_a-exit.o)
                              C:/Apps/arm-toolchain/bin/../lib/gcc/arm-none-eabi/13.2.1/thumb/v8-m.main+fp/hard/crt0.o (exit)
C:/Apps/arm-toolchain/bin/../lib/gcc/arm-none-eabi/13.2.1/thumb/v8-m.main+fp/hard\libc_nano.a(libc_a-strtol.o)
                              C:/Apps/arm-toolchain/bin/../lib/gcc/arm-none-eabi/13.2.1/thumb/v8-m.main+fp/hard\libc_nano.a(libc_a-atoi.o) (_strtol_r)
C:/Apps/arm-toolchain/bin/../lib/gcc/arm-none-eabi/13.2.1/thumb/v8-m.main+fp/hard\libc_nano.a(libc_a-ctype_.o)
                              C:/Apps/arm-toolchain/bin/../lib/gcc/arm-none-eabi/13.2.1/thumb/v8-m.main+fp/hard\libc_nano.a(libc_a-strtol.o) (_ctype_)
C:/Apps/arm-toolchain/bin/../lib/gcc/arm-none-eabi/13.2.1/thumb/v8-m.main+fp/hard\libc_nano.a(libc_a-findfp.o)
                              C:/Apps/arm-toolchain/bin/../lib/gcc/arm-none-eabi/13.2.1/thumb/v8-m.main+fp/hard\libc_nano.a(libc_a-exit.o) (__stdio_exit_handler)
C:/Apps/arm-toolchain/bin/../lib/gcc/arm-none-eabi/13.2.1/thumb/v8-m.main+fp/hard\libc_nano.a(libc_a-fwalk.o)
                              C:/Apps/arm-toolchain/bin/../lib/gcc/arm-none-eabi/13.2.1/thumb/v8-m.main+fp/hard\libc_nano.a(libc_a-findfp.o) (_fwalk_sglue)
C:/Apps/arm-toolchain/bin/../lib/gcc/arm-none-eabi/13.2.1/thumb/v8-m.main+fp/hard\libc_nano.a(libc_a-stdio.o)
                              C:/Apps/arm-toolchain/bin/../lib/gcc/arm-none-eabi/13.2.1/thumb/v8-m.main+fp/hard\libc_nano.a(libc_a-findfp.o) (__sread)
C:/Apps/arm-toolchain/bin/../lib/gcc/arm-none-eabi/13.2.1/thumb/v8-m.main+fp/hard\libc_nano.a(libc_a-memset.o)
                              C:/Apps/arm-toolchain/bin/../lib/gcc/arm-none-eabi/13.2.1/thumb/v8-m.main+fp/hard/crt0.o (memset)
C:/Apps/arm-toolchain/bin/../lib/gcc/arm-none-eabi/13.2.1/thumb/v8-m.main+fp/hard\libc_nano.a(libc_a-closer.o)
                              C:/Apps/arm-toolchain/bin/../lib/gcc/arm-none-eabi/13.2.1/thumb/v8-m.main+fp/hard\libc_nano.a(libc_a-stdio.o) (_close_r)
C:/Apps/arm-toolchain/bin/../lib/gcc/arm-none-eabi/13.2.1/thumb/v8-m.main+fp/hard\libc_nano.a(libc_a-reent.o)
                              C:/Apps/arm-toolchain/bin/../lib/gcc/arm-none-eabi/13.2.1/thumb/v8-m.main+fp/hard\libc_nano.a(libc_a-closer.o) (errno)
C:/Apps/arm-toolchain/bin/../lib/gcc/arm-none-eabi/13.2.1/thumb/v8-m.main+fp/hard\libc_nano.a(libc_a-impure.o)
                              C:/Apps/arm-toolchain/bin/../lib/gcc/arm-none-eabi/13.2.1/thumb/v8-m.main+fp/hard\libc_nano.a(libc_a-strtol.o) (_impure_ptr)
C:/Apps/arm-toolchain/bin/../lib/gcc/arm-none-eabi/13.2.1/thumb/v8-m.main+fp/hard\libc_nano.a(libc_a-lseekr.o)
                              C:/Apps/arm-toolchain/bin/../lib/gcc/arm-none-eabi/13.2.1/thumb/v8-m.main+fp/hard\libc_nano.a(libc_a-stdio.o) (_lseek_r)
C:/Apps/arm-toolchain/bin/../lib/gcc/arm-none-eabi/13.2.1/thumb/v8-m.main+fp/hard\libc_nano.a(libc_a-readr.o)
                              C:/Apps/arm-toolchain/bin/../lib/gcc/arm-none-eabi/13.2.1/thumb/v8-m.main+fp/hard\libc_nano.a(libc_a-stdio.o) (_read_r)
C:/Apps/arm-toolchain/bin/../lib/gcc/arm-none-eabi/13.2.1/thumb/v8-m.main+fp/hard\libc_nano.a(libc_a-writer.o)
                              C:/Apps/arm-toolchain/bin/../lib/gcc/arm-none-eabi/13.2.1/thumb/v8-m.main+fp/hard\libc_nano.a(libc_a-stdio.o) (_write_r)
C:/Apps/arm-toolchain/bin/../lib/gcc/arm-none-eabi/13.2.1/thumb/v8-m.main+fp/hard\libc_nano.a(libc_a-errno.o)
                              C:/Apps/arm-toolchain/bin/../lib/gcc/arm-none-eabi/13.2.1/thumb/v8-m.main+fp/hard\libc_nano.a(libc_a-strtol.o) (__errno)
C:/Apps/arm-toolchain/bin/../lib/gcc/arm-none-eabi/13.2.1/thumb/v8-m.main+fp/hard\libc_nano.a(libc_a-init.o)
                              C:/Apps/arm-toolchain/bin/../lib/gcc/arm-none-eabi/13.2.1/thumb/v8-m.main+fp/hard/crt0.o (__libc_init_array)
C:/Apps/arm-toolchain/bin/../lib/gcc/arm-none-eabi/13.2.1/thumb/v8-m.main+fp/hard\libc_nano.a(libc_a-lock.o)
                              C:/Apps/arm-toolchain/bin/../lib/gcc/arm-none-eabi/13.2.1/thumb/v8-m.main+fp/hard\libc_nano.a(libc_a-findfp.o) (__retarget_lock_init_recursive)
C:/Apps/arm-toolchain/bin/../lib/gcc/arm-none-eabi/13.2.1/thumb/v8-m.main+fp/hard\libc_nano.a(libc_a-freer.o)
                              C:/Apps/arm-toolchain/bin/../lib/gcc/arm-none-eabi/13.2.1/thumb/v8-m.main+fp/hard\libc_nano.a(libc_a-reent.o) (_free_r)
C:/Apps/arm-toolchain/bin/../lib/gcc/arm-none-eabi/13.2.1/thumb/v8-m.main+fp/hard\libc_nano.a(libc_a-mallocr.o)
                              C:/Apps/arm-toolchain/bin/../lib/gcc/arm-none-eabi/13.2.1/thumb/v8-m.main+fp/hard\libc_nano.a(libc_a-findfp.o) (_malloc_r)
[...]
Memory Configuration

Name             Origin             Length             Attributes
FLASH            0x00000000         0x00100000         xr
EXTFLASH         0x10000000         0x08000000         xr
RAM              0x20000000         0x00040000         xrw
RAM1             0x20040000         0x0003f000         xrw
*default*        0x00000000         0xffffffff

Linker script and memory map

LOAD C:/Apps/arm-toolchain/bin/../lib/gcc/arm-none-eabi/13.2.1/thumb/v8-m.main+fp/hard/crti.o
LOAD C:/Apps/arm-toolchain/bin/../lib/gcc/arm-none-eabi/13.2.1/thumb/v8-m.main+fp/hard/crtbegin.o
LOAD C:/Apps/arm-toolchain/bin/../lib/gcc/arm-none-eabi/13.2.1/thumb/v8-m.main+fp/hard/crt0.o
LOAD H:/DVA270/nrfx/src/sample/../../build/gcc_startup_nrf5340_application.S.o
LOAD H:/DVA270/nrfx/src/sample/../../build/system_nrf5340_application.c.o
LOAD H:/DVA270/nrfx/src/sample/../../build/nrfx_uarte.c.o
LOAD H:/DVA270/nrfx/src/sample/../../build/nrfx_systick.c.o
LOAD H:/DVA270/nrfx/src/sample/../../build/nrfx_rtc.c.o
LOAD H:/DVA270/nrfx/src/sample/../../build/main.c.o
LOAD C:/Apps/arm-toolchain/bin/../lib/gcc/arm-none-eabi/13.2.1/thumb/v8-m.main+fp/hard\libc_nano.a
LOAD C:/Apps/arm-toolchain/bin/../lib/gcc/arm-none-eabi/13.2.1/thumb/v8-m.main+fp/hard\libnosys.a
LOAD C:/Apps/arm-toolchain/bin/../lib/gcc/arm-none-eabi/13.2.1/thumb/v8-m.main+fp/hard\libm.a
START GROUP
LOAD C:/Apps/arm-toolchain/bin/../lib/gcc/arm-none-eabi/13.2.1/thumb/v8-m.main+fp/hard\libgcc.a
LOAD C:/Apps/arm-toolchain/bin/../lib/gcc/arm-none-eabi/13.2.1/thumb/v8-m.main+fp/hard\libg_nano.a
LOAD C:/Apps/arm-toolchain/bin/../lib/gcc/arm-none-eabi/13.2.1/thumb/v8-m.main+fp/hard\libc_nano.a
END GROUP
START GROUP
LOAD C:/Apps/arm-toolchain/bin/../lib/gcc/arm-none-eabi/13.2.1/thumb/v8-m.main+fp/hard\libgcc.a
LOAD C:/Apps/arm-toolchain/bin/../lib/gcc/arm-none-eabi/13.2.1/thumb/v8-m.main+fp/hard\libc_nano.a
END GROUP
LOAD C:/Apps/arm-toolchain/bin/../lib/gcc/arm-none-eabi/13.2.1/thumb/v8-m.main+fp/hard/crtend.o
LOAD C:/Apps/arm-toolchain/bin/../lib/gcc/arm-none-eabi/13.2.1/thumb/v8-m.main+fp/hard/crtn.o
START GROUP
LOAD C:/Apps/arm-toolchain/bin/../lib/gcc/arm-none-eabi/13.2.1/thumb/v8-m.main+fp/hard\libgcc.a
LOAD C:/Apps/arm-toolchain/bin/../lib/gcc/arm-none-eabi/13.2.1/thumb/v8-m.main+fp/hard\libc.a
LOAD C:/Apps/arm-toolchain/bin/../lib/gcc/arm-none-eabi/13.2.1/thumb/v8-m.main+fp/hard\libnosys.a
END GROUP
                0x00000000                        . = ALIGN (ORIGIN (FLASH), 0x4)

.vectors        0x00000000      0x400
                0x00000000                        __vectors_start = .
 *(.isr_vector)
 .isr_vector    0x00000000      0x400 H:/DVA270/nrfx/src/sample/../../build/gcc_startup_nrf5340_application.S.o
                0x00000000                __isr_vector
 *(.vectors)
                0x00000400                        __vectors_size = SIZEOF (.vectors)
                0x00000400                        __vectors_end = (__vectors_start + __vectors_size)
                0x00000001                        ASSERT (((__vectors_start == __vectors_end) || ((__vectors_end - ORIGIN (FLASH)) <= LENGTH (FLASH))), error: .vectors is too large to fit in FLASH memory segment)
                0x00000400                        . = ALIGN (0x4)

.ctors          0x00000400        0x0
                0x00000400                        __ctors_start = .
                0x00000400                        __CTOR_LIST__ = .
 *crtbegin*.o(.ctors)
 *(EXCLUDE_FILE(*crtend*.o) .ctors)
 *(SORT_BY_NAME(.ctors.*))
 *(.ctors)
                0x00000400                        __CTOR_END__ = .
                0x00000000                        __ctors_size = SIZEOF (.ctors)
                0x00000400                        __ctors_end = (__ctors_start + __ctors_size)
                0x00000001                        ASSERT (((__ctors_start == __ctors_end) || ((__ctors_end - ORIGIN (FLASH)) <= LENGTH (FLASH))), error: .ctors is too large to fit in FLASH memory segment)
                0x00000400                        . = ALIGN (0x4)

.dtors          0x00000400        0x0
                0x00000400                        __dtors_start = .
                0x00000400                        __DTOR_LIST__ = .
 *crtbegin*.o(.dtors)
 *(EXCLUDE_FILE(*crtend*.o) .dtors)
 *(SORT_BY_NAME(.dtors.*))
 *(.dtors)
                0x00000400                        __DTOR_END__ = .
                0x00000000                        __dtors_size = SIZEOF (.dtors)
                0x00000400                        __dtors_end = (__dtors_start + __dtors_size)
                0x00000001                        ASSERT (((__dtors_start == __dtors_end) || ((__dtors_end - ORIGIN (FLASH)) <= LENGTH (FLASH))), error: .dtors is too large to fit in FLASH memory segment)
                0x00000400                        . = ALIGN (0x4)

.rodata         0x00000400      0x145
                0x00000400                        . = ALIGN (0x4)
                0x00000400                        __rodata_start = .
 *(.rodata*)
 .rodata        0x00000400       0x44 H:/DVA270/nrfx/src/sample/../../build/main.c.o
 .rodata._ctype_
                0x00000444      0x101 C:/Apps/arm-toolchain/bin/../lib/gcc/arm-none-eabi/13.2.1/thumb/v8-m.main+fp/hard\libc_nano.a(libc_a-ctype_.o)
                0x00000444                _ctype_
 *(.srodata .srodata.*)
                0x00000145                        __rodata_size = SIZEOF (.rodata)
                0x00000545                        __rodata_end = (__rodata_start + __rodata_size)
                0x00000001                        ASSERT (((__rodata_start == __rodata_end) || ((__rodata_end - ORIGIN (FLASH)) <= LENGTH (FLASH))), error: .rodata is too large to fit in FLASH memory segment)

.ARM.exidx      0x00000548        0x8
 .ARM.exidx     0x00000548        0x8 C:/Apps/arm-toolchain/bin/../lib/gcc/arm-none-eabi/13.2.1/thumb/v8-m.main+fp/hard/crt0.o
                                 0x10 (size before relaxing)
                0x00000550                        . = ALIGN (0x4)

.text           0x00000550     0x1b44
                0x00000550                        __text_start = .
 *(.startup)
 *(.startup*)
 *(.text*)
 .text.deregister_tm_clones
                0x00000550       0x1c C:/Apps/arm-toolchain/bin/../lib/gcc/arm-none-eabi/13.2.1/thumb/v8-m.main+fp/hard/crtbegin.o
 .text.register_tm_clones
                0x0000056c       0x28 C:/Apps/arm-toolchain/bin/../lib/gcc/arm-none-eabi/13.2.1/thumb/v8-m.main+fp/hard/crtbegin.o
 .text.__do_global_dtors_aux
                0x00000594       0x28 C:/Apps/arm-toolchain/bin/../lib/gcc/arm-none-eabi/13.2.1/thumb/v8-m.main+fp/hard/crtbegin.o
 .text.frame_dummy
                0x000005bc       0x24 C:/Apps/arm-toolchain/bin/../lib/gcc/arm-none-eabi/13.2.1/thumb/v8-m.main+fp/hard/crtbegin.o
 .text          0x000005e0       0x7c C:/Apps/arm-toolchain/bin/../lib/gcc/arm-none-eabi/13.2.1/thumb/v8-m.main+fp/hard/crt0.o
                0x000005e0                _stack_init
                0x000005e8                _start
                0x000005e8                _mainCRTStartup
 .text          0x0000065c       0x88 H:/DVA270/nrfx/src/sample/../../build/gcc_startup_nrf5340_application.S.o
                0x0000065c                Reset_Handler
                0x000006cc                NMI_Handler
                0x000006ce                HardFault_Handler
                0x000006d0                MemoryManagement_Handler
                0x000006d2                BusFault_Handler
                0x000006d4                UsageFault_Handler
                0x000006d6                SecureFault_Handler
                0x000006d8                SVC_Handler
                0x000006da                DebugMon_Handler
                0x000006dc                PendSV_Handler
                0x000006de                SysTick_Handler
                0x000006e0                WDT0_IRQHandler
                0x000006e0                I2S0_IRQHandler
                0x000006e0                IPC_IRQHandler
                0x000006e0                RTC0_IRQHandler
                0x000006e0                PWM3_IRQHandler
                0x000006e0                SERIAL3_IRQHandler
                0x000006e0                FPU_IRQHandler
                0x000006e0                USBD_IRQHandler
                0x000006e0                SERIAL2_IRQHandler
                0x000006e0                EGU3_IRQHandler
                0x000006e0                KMU_IRQHandler
                0x000006e0                CRYPTOCELL_IRQHandler
                0x000006e0                EGU2_IRQHandler
                0x000006e0                SPIM4_IRQHandler
                0x000006e0                QDEC1_IRQHandler
                0x000006e0                CACHE_IRQHandler
                0x000006e0                EGU4_IRQHandler
                0x000006e0                SPU_IRQHandler
                0x000006e0                EGU0_IRQHandler
                0x000006e0                GPIOTE1_IRQHandler
                0x000006e0                TIMER1_IRQHandler
                0x000006e0                PWM2_IRQHandler
                0x000006e0                PWM1_IRQHandler
                0x000006e0                Default_Handler
                0x000006e0                EGU1_IRQHandler
                0x000006e0                EGU5_IRQHandler
                0x000006e0                SAADC_IRQHandler
                0x000006e0                GPIOTE0_IRQHandler
                0x000006e0                SERIAL1_IRQHandler
                0x000006e0                QDEC0_IRQHandler
                0x000006e0                PWM0_IRQHandler
                0x000006e0                RTC1_IRQHandler
                0x000006e0                SERIAL0_IRQHandler
                0x000006e0                USBREGULATOR_IRQHandler
                0x000006e0                NFCT_IRQHandler
                0x000006e0                WDT1_IRQHandler
                0x000006e0                TIMER0_IRQHandler
                0x000006e0                TIMER2_IRQHandler
                0x000006e0                QSPI_IRQHandler
                0x000006e0                COMP_LPCOMP_IRQHandler
                0x000006e0                CLOCK_POWER_IRQHandler
                0x000006e0                PDM0_IRQHandler
 .text.nrf53_errata_42
                0x000006e4       0x64 H:/DVA270/nrfx/src/sample/../../build/system_nrf5340_application.c.o
 .text.nrf53_errata_46
                0x00000748       0x64 H:/DVA270/nrfx/src/sample/../../build/system_nrf5340_application.c.o
 .text.nrf53_errata_49
                0x000007ac       0x64 H:/DVA270/nrfx/src/sample/../../build/system_nrf5340_application.c.o
 .text.nrf53_errata_55
                0x00000810       0x64 H:/DVA270/nrfx/src/sample/../../build/system_nrf5340_application.c.o
 .text.nrf53_errata_64
                0x00000874       0x64 H:/DVA270/nrfx/src/sample/../../build/system_nrf5340_application.c.o
 .text.nrf53_errata_69
                0x000008d8       0x64 H:/DVA270/nrfx/src/sample/../../build/system_nrf5340_application.c.o
 .text.nrf53_errata_97
                0x0000093c       0x64 H:/DVA270/nrfx/src/sample/../../build/system_nrf5340_application.c.o
 .text.nrf53_errata_140
                0x000009a0       0x64 H:/DVA270/nrfx/src/sample/../../build/system_nrf5340_application.c.o
 .text.nrf53_errata_160
                0x00000a04       0x64 H:/DVA270/nrfx/src/sample/../../build/system_nrf5340_application.c.o
 .text.nrf53_handle_approtect
                0x00000a68       0x2c H:/DVA270/nrfx/src/sample/../../build/system_nrf5340_application.c.o
 .text.SystemInit
                0x00000a94      0x224 H:/DVA270/nrfx/src/sample/../../build/system_nrf5340_application.c.o
                0x00000a94                SystemInit
 .text.SystemStoreFICRNS
                0x00000cb8       0x64 H:/DVA270/nrfx/src/sample/../../build/system_nrf5340_application.c.o
                0x00000cb8                SystemStoreFICRNS
 .text.nrf_event_readback
                0x00000d1c       0x18 H:/DVA270/nrfx/src/sample/../../build/nrfx_uarte.c.o
 .text.nrf_barrier_w
                0x00000d34        0xe H:/DVA270/nrfx/src/sample/../../build/nrfx_uarte.c.o
 .text.nrf_barrier_r
                0x00000d42        0xe H:/DVA270/nrfx/src/sample/../../build/nrfx_uarte.c.o
 .text.nrf_barrier_rw
                0x00000d50        0xe H:/DVA270/nrfx/src/sample/../../build/nrfx_uarte.c.o
 .text.nrf_dma_accessible_check
                0x00000d5e       0x28 H:/DVA270/nrfx/src/sample/../../build/nrfx_uarte.c.o
 .text.nrf_uarte_event_clear
                0x00000d86       0x2a H:/DVA270/nrfx/src/sample/../../build/nrfx_uarte.c.o
 .text.nrf_uarte_event_check
                0x00000db0       0x2a H:/DVA270/nrfx/src/sample/../../build/nrfx_uarte.c.o
 .text.nrf_uarte_shorts_enable
                0x00000dda       0x26 H:/DVA270/nrfx/src/sample/../../build/nrfx_uarte.c.o
 .text.nrf_uarte_int_enable
                0x00000e00       0x1e H:/DVA270/nrfx/src/sample/../../build/nrfx_uarte.c.o
 .text.nrf_uarte_int_disable
                0x00000e1e       0x1e H:/DVA270/nrfx/src/sample/../../build/nrfx_uarte.c.o
 .text.nrf_uarte_errorsrc_get_and_clear
                0x00000e3c       0x26 H:/DVA270/nrfx/src/sample/../../build/nrfx_uarte.c.o
 .text.nrf_uarte_enable
                0x00000e62       0x1c H:/DVA270/nrfx/src/sample/../../build/nrfx_uarte.c.o
 .text.nrf_uarte_disable
                0x00000e7e       0x1c H:/DVA270/nrfx/src/sample/../../build/nrfx_uarte.c.o
 .text.nrf_uarte_txrx_pins_set
                0x00000e9a       0x28 H:/DVA270/nrfx/src/sample/../../build/nrfx_uarte.c.o
 .text.nrf_uarte_hwfc_pins_set
                0x00000ec2       0x28 H:/DVA270/nrfx/src/sample/../../build/nrfx_uarte.c.o
 .text.nrf_uarte_task_trigger
                0x00000eea       0x22 H:/DVA270/nrfx/src/sample/../../build/nrfx_uarte.c.o
 .text.nrf_uarte_configure
                0x00000f0c       0x36 H:/DVA270/nrfx/src/sample/../../build/nrfx_uarte.c.o
 .text.nrf_uarte_baudrate_set
                0x00000f42       0x1e H:/DVA270/nrfx/src/sample/../../build/nrfx_uarte.c.o
 .text.nrf_uarte_tx_buffer_set
                0x00000f60       0x28 H:/DVA270/nrfx/src/sample/../../build/nrfx_uarte.c.o
 .text.nrf_uarte_rx_buffer_set
                0x00000f88       0x28 H:/DVA270/nrfx/src/sample/../../build/nrfx_uarte.c.o
 .text.nrf_uarte_rx_amount_get
                0x00000fb0       0x1a H:/DVA270/nrfx/src/sample/../../build/nrfx_uarte.c.o
 .text.nrfy_uarte_periph_configure
                0x00000fca       0x72 H:/DVA270/nrfx/src/sample/../../build/nrfx_uarte.c.o
 .text.nrfy_uarte_int_init
                0x0000103c       0xb8 H:/DVA270/nrfx/src/sample/../../build/nrfx_uarte.c.o
 .text.nrfy_uarte_events_process
                0x000010f4       0x26 H:/DVA270/nrfx/src/sample/../../build/nrfx_uarte.c.o
 .text.nrfy_uarte_stop
                0x0000111a       0x60 H:/DVA270/nrfx/src/sample/../../build/nrfx_uarte.c.o
 *fill*         0x0000117a        0x2 
 .text.nrfy_uarte_tx_start
                0x0000117c       0x4c H:/DVA270/nrfx/src/sample/../../build/nrfx_uarte.c.o
 .text.nrfy_uarte_rx_start
                0x000011c8       0x48 H:/DVA270/nrfx/src/sample/../../build/nrfx_uarte.c.o
 .text.nrfy_uarte_event_clear
                0x00001210       0x22 H:/DVA270/nrfx/src/sample/../../build/nrfx_uarte.c.o
 .text.nrfy_uarte_shorts_enable
                0x00001232       0x1e H:/DVA270/nrfx/src/sample/../../build/nrfx_uarte.c.o
 .text.nrfy_uarte_int_enable
                0x00001250       0x1e H:/DVA270/nrfx/src/sample/../../build/nrfx_uarte.c.o
 .text.nrfy_uarte_int_disable
                0x0000126e       0x1e H:/DVA270/nrfx/src/sample/../../build/nrfx_uarte.c.o
 .text.nrfy_uarte_errorsrc_get_and_clear
                0x0000128c       0x22 H:/DVA270/nrfx/src/sample/../../build/nrfx_uarte.c.o
 .text.nrfy_uarte_enable
                0x000012ae       0x1a H:/DVA270/nrfx/src/sample/../../build/nrfx_uarte.c.o
 .text.nrfy_uarte_disable
                0x000012c8       0x1a H:/DVA270/nrfx/src/sample/../../build/nrfx_uarte.c.o
 .text.nrfy_uarte_task_trigger
                0x000012e2       0x22 H:/DVA270/nrfx/src/sample/../../build/nrfx_uarte.c.o
 .text.nrfy_uarte_tx_buffer_set
                0x00001304       0x28 H:/DVA270/nrfx/src/sample/../../build/nrfx_uarte.c.o
 .text.nrfy_uarte_rx_buffer_set
                0x0000132c       0x22 H:/DVA270/nrfx/src/sample/../../build/nrfx_uarte.c.o
 .text.__nrfy_internal_uarte_event_enabled_clear
                0x0000134e       0x38 H:/DVA270/nrfx/src/sample/../../build/nrfx_uarte.c.o
 .text.__nrfy_internal_uarte_event_handle
                0x00001386       0x6e H:/DVA270/nrfx/src/sample/../../build/nrfx_uarte.c.o
 .text.__nrfy_internal_uarte_events_process
                0x000013f4       0xf2 H:/DVA270/nrfx/src/sample/../../build/nrfx_uarte.c.o
 *fill*         0x000014e6        0x2 
 .text.nrf_gpio_pin_port_decode
                0x000014e8       0x3c H:/DVA270/nrfx/src/sample/../../build/nrfx_uarte.c.o
 .text.nrf_gpio_cfg
                0x00001524       0x7c H:/DVA270/nrfx/src/sample/../../build/nrfx_uarte.c.o
 .text.nrf_gpio_cfg_output
                0x000015a0       0x24 H:/DVA270/nrfx/src/sample/../../build/nrfx_uarte.c.o
 .text.nrf_gpio_cfg_input
                0x000015c4       0x28 H:/DVA270/nrfx/src/sample/../../build/nrfx_uarte.c.o
 .text.nrf_gpio_pin_set
                0x000015ec       0x2a H:/DVA270/nrfx/src/sample/../../build/nrfx_uarte.c.o
 .text.nrf_gpio_port_out_set
                0x00001616       0x1c H:/DVA270/nrfx/src/sample/../../build/nrfx_uarte.c.o
 .text.nrf_gpio_pin_port_number_extract
                0x00001632       0x28 H:/DVA270/nrfx/src/sample/../../build/nrfx_uarte.c.o
 .text.nrfy_gpio_cfg_output
                0x0000165a       0x1a H:/DVA270/nrfx/src/sample/../../build/nrfx_uarte.c.o
 .text.nrfy_gpio_cfg_input
                0x00001674       0x22 H:/DVA270/nrfx/src/sample/../../build/nrfx_uarte.c.o
 .text.nrfy_gpio_pin_set
                0x00001696       0x1a H:/DVA270/nrfx/src/sample/../../build/nrfx_uarte.c.o
 .text.uarte_configure
                0x000016b0      0x138 H:/DVA270/nrfx/src/sample/../../build/nrfx_uarte.c.o
 .text.apply_workaround_for_enable_anomaly
                0x000017e8       0x8e H:/DVA270/nrfx/src/sample/../../build/nrfx_uarte.c.o
 *fill*         0x00001876        0x2 
 .text.nrfx_uarte_init
                0x00001878       0xb4 H:/DVA270/nrfx/src/sample/../../build/nrfx_uarte.c.o
                0x00001878                nrfx_uarte_init
 .text.nrfx_uarte_tx
                0x0000192c       0xf8 H:/DVA270/nrfx/src/sample/../../build/nrfx_uarte.c.o
                0x0000192c                nrfx_uarte_tx
 .text.nrfx_uarte_tx_in_progress
                0x00001a24       0x38 H:/DVA270/nrfx/src/sample/../../build/nrfx_uarte.c.o
                0x00001a24                nrfx_uarte_tx_in_progress
 .text.nrfx_uarte_rx
                0x00001a5c      0x194 H:/DVA270/nrfx/src/sample/../../build/nrfx_uarte.c.o
                0x00001a5c                nrfx_uarte_rx
 .text.nrf_systick_csr_set
                0x00001bf0       0x20 H:/DVA270/nrfx/src/sample/../../build/nrfx_systick.c.o
 .text.nrf_systick_load_set
                0x00001c10       0x20 H:/DVA270/nrfx/src/sample/../../build/nrfx_systick.c.o
 .text.nrf_systick_val_get
                0x00001c30       0x18 H:/DVA270/nrfx/src/sample/../../build/nrfx_systick.c.o
 .text.nrfx_systick_ms_tick
                0x00001c48       0x30 H:/DVA270/nrfx/src/sample/../../build/nrfx_systick.c.o
 .text.nrfx_systick_init
                0x00001c78       0x16 H:/DVA270/nrfx/src/sample/../../build/nrfx_systick.c.o
                0x00001c78                nrfx_systick_init
 .text.nrfx_systick_delay_ticks
                0x00001c8e       0x2e H:/DVA270/nrfx/src/sample/../../build/nrfx_systick.c.o
                0x00001c8e                nrfx_systick_delay_ticks
 .text.nrfx_systick_delay_ms
                0x00001cbc       0x90 H:/DVA270/nrfx/src/sample/../../build/nrfx_systick.c.o
                0x00001cbc                nrfx_systick_delay_ms
 .text.read_string
                0x00001d4c       0x60 H:/DVA270/nrfx/src/sample/../../build/main.c.o
                0x00001d4c                read_string
 .text.read_int
                0x00001dac       0x24 H:/DVA270/nrfx/src/sample/../../build/main.c.o
                0x00001dac                read_int
 .text.main     0x00001dd0      0x104 H:/DVA270/nrfx/src/sample/../../build/main.c.o
                0x00001dd0                main
 .text.atoi     0x00001ed4        0x8 C:/Apps/arm-toolchain/bin/../lib/gcc/arm-none-eabi/13.2.1/thumb/v8-m.main+fp/hard\libc_nano.a(libc_a-atoi.o)
                0x00001ed4                atoi
 .text.exit     0x00001edc       0x24 C:/Apps/arm-toolchain/bin/../lib/gcc/arm-none-eabi/13.2.1/thumb/v8-m.main+fp/hard\libc_nano.a(libc_a-exit.o)
                0x00001edc                exit
 .text._strtol_l.isra.0
                0x00001f00       0xf4 C:/Apps/arm-toolchain/bin/../lib/gcc/arm-none-eabi/13.2.1/thumb/v8-m.main+fp/hard\libc_nano.a(libc_a-strtol.o)
 .text.strtol   0x00001ff4       0x14 C:/Apps/arm-toolchain/bin/../lib/gcc/arm-none-eabi/13.2.1/thumb/v8-m.main+fp/hard\libc_nano.a(libc_a-strtol.o)
                0x00001ff4                strtol
 .text.memset   0x00002008       0x10 C:/Apps/arm-toolchain/bin/../lib/gcc/arm-none-eabi/13.2.1/thumb/v8-m.main+fp/hard\libc_nano.a(libc_a-memset.o)
                0x00002008                memset
 .text.__errno  0x00002018        0xc C:/Apps/arm-toolchain/bin/../lib/gcc/arm-none-eabi/13.2.1/thumb/v8-m.main+fp/hard\libc_nano.a(libc_a-errno.o)
                0x00002018                __errno
 .text.__libc_init_array
                0x00002024       0x48 C:/Apps/arm-toolchain/bin/../lib/gcc/arm-none-eabi/13.2.1/thumb/v8-m.main+fp/hard\libc_nano.a(libc_a-init.o)
                0x00002024                __libc_init_array
 .text._exit    0x0000206c        0x4 C:/Apps/arm-toolchain/bin/../lib/gcc/arm-none-eabi/13.2.1/thumb/v8-m.main+fp/hard\libnosys.a(_exit.o)
                0x0000206c                _exit
                0x00002070                        . = ALIGN (0x4)
 *(.init)
 .init          0x00002070        0x4 C:/Apps/arm-toolchain/bin/../lib/gcc/arm-none-eabi/13.2.1/thumb/v8-m.main+fp/hard/crti.o
                0x00002070                _init
 .init          0x00002074        0x8 C:/Apps/arm-toolchain/bin/../lib/gcc/arm-none-eabi/13.2.1/thumb/v8-m.main+fp/hard/crtn.o
                0x0000207c                        . = ALIGN (0x4)
                0x0000207c                        __preinit_array_start = .
 *(.preinit_array)
                0x0000207c                        __preinit_array_end = .
                0x0000207c                        . = ALIGN (0x4)
                0x0000207c                        __init_array_start = .
 *(SORT_BY_NAME(.init_array.*))
 *(.init_array)
 .init_array    0x0000207c        0x4 C:/Apps/arm-toolchain/bin/../lib/gcc/arm-none-eabi/13.2.1/thumb/v8-m.main+fp/hard/crtbegin.o
                0x00002080                        __init_array_end = .
 *(.fini)
 .fini          0x00002080        0x4 C:/Apps/arm-toolchain/bin/../lib/gcc/arm-none-eabi/13.2.1/thumb/v8-m.main+fp/hard/crti.o
                0x00002080                _fini
 .fini          0x00002084        0x8 C:/Apps/arm-toolchain/bin/../lib/gcc/arm-none-eabi/13.2.1/thumb/v8-m.main+fp/hard/crtn.o
                0x0000208c                        . = ALIGN (0x4)
                0x0000208c                        __fini_array_start = .
 *(.fini_array)
 .fini_array    0x0000208c        0x4 C:/Apps/arm-toolchain/bin/../lib/gcc/arm-none-eabi/13.2.1/thumb/v8-m.main+fp/hard/crtbegin.o
 *(SORT_BY_NAME(.fini_array.*))
                0x00002090                        __fini_array_end = .
                0x00002090                        . = ALIGN (0x4)
 *(.eh_frame*)
 .eh_frame      0x00002090        0x0 C:/Apps/arm-toolchain/bin/../lib/gcc/arm-none-eabi/13.2.1/thumb/v8-m.main+fp/hard/crtbegin.o
 .eh_frame      0x00002090        0x4 C:/Apps/arm-toolchain/bin/../lib/gcc/arm-none-eabi/13.2.1/thumb/v8-m.main+fp/hard/crtend.o
                0x00002094                        . = ALIGN (0x4)
 *(.eh_frame_hdr)
                0x00002094                        . = ALIGN (0x4)
 *(.hash)
 *(.gnu.hash)
                0x00002094                        . = ALIGN (0x4)
 *(.gnu_extab* .gnu.linkonce.extab.*)
                0x00002094                        . = ALIGN (0x4)
                0x00002094                        __exidx_start = .
 *(.gnu_exidx* .gnu.linkonce.exidx.*)
                0x00002094                        . = ALIGN (0x4)
                0x00002094                        __exidx_end = .
                0x00001b44                        __text_size = SIZEOF (.text)
                0x00002094                        __text_end = (__text_start + __text_size)
                0x00000001                        ASSERT (((__text_start == __text_end) || ((__text_end - ORIGIN (FLASH)) <= LENGTH (FLASH))), error: .text is too large to fit in FLASH memory segment)

.glue_7         0x00002094        0x0
 .glue_7        0x00002094        0x0 linker stubs

.glue_7t        0x00002094        0x0
 .glue_7t       0x00002094        0x0 linker stubs

.vfp11_veneer   0x00002094        0x0
 .vfp11_veneer  0x00002094        0x0 linker stubs

.v4_bx          0x00002094        0x0
 .v4_bx         0x00002094        0x0 linker stubs

.iplt           0x00002094        0x0
 .iplt          0x00002094        0x0 C:/Apps/arm-toolchain/bin/../lib/gcc/arm-none-eabi/13.2.1/thumb/v8-m.main+fp/hard/crtbegin.o

.rel.dyn        0x00002094        0x0
 .rel.iplt      0x00002094        0x0 C:/Apps/arm-toolchain/bin/../lib/gcc/arm-none-eabi/13.2.1/thumb/v8-m.main+fp/hard/crtbegin.o
                0x00002094                        . = ALIGN (0x4)

.copy.table     0x00002094       0x30
                0x00002094                        __copy_table_start__ = .
                0x00002094        0x4 LONG 0x20dc __data_load_start
                0x00002098        0x4 LONG 0x20000000 __data_start
                0x0000209c        0x4 LONG 0x17 ((__data_end - __data_start) / 0x4)
                0x000020a0        0x4 LONG 0x2138 __sdata_load_start
                0x000020a4        0x4 LONG 0x2000005c __sdata_start
                0x000020a8        0x4 LONG 0x0 ((__sdata_end - __sdata_start) / 0x4)
                0x000020ac        0x4 LONG 0x2138 __tdata_load_start
                0x000020b0        0x4 LONG 0x2000005c __tdata_start
                0x000020b4        0x4 LONG 0x0 ((__tdata_end - __tdata_start) / 0x4)
                0x000020b8        0x4 LONG 0x2138 __fast_load_start
                0x000020bc        0x4 LONG 0x2000005c __fast_start
                0x000020c0        0x4 LONG 0x0 ((__fast_end - __fast_start) / 0x4)
                0x000020c4                        __copy_table_end__ = .
                0x000020c4                        . = ALIGN (0x4)

.zero.table     0x000020c4       0x18
                0x000020c4                        __zero_table_start__ = .
                0x000020c4        0x4 LONG 0x2000005c __bss_start
                0x000020c8        0x4 LONG 0x60 ((__bss_end - __bss_start) / 0x4)
                0x000020cc        0x4 LONG 0x200001dc __sbss_start
                0x000020d0        0x4 LONG 0x0 ((__sbss_end - __sbss_start) / 0x4)
                0x000020d4        0x4 LONG 0x200001dc __tbss_start
                0x000020d8        0x4 LONG 0x0 ((__tbss_end - __tbss_start) / 0x4)
                0x000020dc                        __zero_table_end__ = .
                0x000020dc                        . = ALIGN (0x4)
                0x000020dc                        __etext = .
                [!provide]                        PROVIDE (etext = .)
                0x000020dc                        PROVIDE (_etext = .)
                0x000020dc                        . = ALIGN (0x4)
                0x000020dc                        __all_data_load_start = .
                0x000020dc                        __data_load_start = .

.data           0x20000000       0x5c load address 0x000020dc
                0x20000000                        . = ALIGN (0x4)
                0x20000000                        __data_start = .
                0x20000000                        __data_start__ = .
 *(vtable)
 *(.data* .gnu.linkonce.d.*)
 .data.SystemCoreClock
                0x20000000        0x4 H:/DVA270/nrfx/src/sample/../../build/system_nrf5340_application.c.o
                0x20000000                SystemCoreClock
 .data.instance
                0x20000004        0x8 H:/DVA270/nrfx/src/sample/../../build/main.c.o
                0x20000004                instance
 .data._impure_ptr
                0x2000000c        0x4 C:/Apps/arm-toolchain/bin/../lib/gcc/arm-none-eabi/13.2.1/thumb/v8-m.main+fp/hard\libc_nano.a(libc_a-impure.o)
                0x2000000c                _impure_ptr
 .data._impure_data
                0x20000010       0x4c C:/Apps/arm-toolchain/bin/../lib/gcc/arm-none-eabi/13.2.1/thumb/v8-m.main+fp/hard\libc_nano.a(libc_a-impure.o)
                0x20000010                _impure_data
                0x2000005c                        . = ALIGN (0x4)
 *(.jcr*)
                0x0000005c                        __data_size = SIZEOF (.data)
                0x2000005c                        __data_end = (__data_start + __data_size)
                0x2000005c                        __data_end__ = __data_end
                0x00002138                        __data_load_end = (__data_load_start + __data_size)
                0x00000001                        ASSERT (((__data_load_start == __data_load_end) || ((__data_load_end - ORIGIN (FLASH)) <= LENGTH (FLASH))), error: .data is too large to fit in FLASH memory segment)
                0x00000001                        ASSERT (((__data_start == __data_end) || ((__data_end - ORIGIN (RAM)) <= LENGTH (RAM))), error: .data is too large to fit in RAM memory segment)

.tm_clone_table
                0x2000005c        0x0 load address 0x00002138
 .tm_clone_table
                0x2000005c        0x0 C:/Apps/arm-toolchain/bin/../lib/gcc/arm-none-eabi/13.2.1/thumb/v8-m.main+fp/hard/crtbegin.o
 .tm_clone_table
                0x2000005c        0x0 C:/Apps/arm-toolchain/bin/../lib/gcc/arm-none-eabi/13.2.1/thumb/v8-m.main+fp/hard/crtend.o

.igot.plt       0x2000005c        0x0 load address 0x00002138
 .igot.plt      0x2000005c        0x0 C:/Apps/arm-toolchain/bin/../lib/gcc/arm-none-eabi/13.2.1/thumb/v8-m.main+fp/hard/crtbegin.o
                0x2000005c                        . = ALIGN (0x4)
                0x00002138                        __sdata_load_start = ALIGN (__data_load_end, 0x4)

.sdata          0x2000005c        0x0 load address 0x00002138
                0x2000005c                        . = ALIGN (0x4)
                0x2000005c                        __sdata_start = .
 *(.sdata .sdata.* .gnu.linkonce.s.*)
 *(.sdata2 .sdata2.* .gnu.linkonce.s2.*)
                0x00000000                        __sdata_size = SIZEOF (.sdata)
                0x2000005c                        __sdata_end = (__sdata_start + __sdata_size)
                0x00002138                        __sdata_load_end = (__sdata_load_start + __sdata_size)
                0x00000001                        ASSERT (((__sdata_load_start == __sdata_load_end) || ((__sdata_load_end - ORIGIN (FLASH)) <= LENGTH (FLASH))), error: .sdata is too large to fit in FLASH memory segment)
                0x00000001                        ASSERT (((__sdata_start == __sdata_end) || ((__sdata_end - ORIGIN (RAM)) <= LENGTH (RAM))), error: .sdata is too large to fit in RAM memory segment)
                0x2000005c                        . = ALIGN (0x4)
                0x00002138                        __tdata_load_start = ALIGN (__sdata_load_end, 0x4)

.tdata          0x2000005c        0x0 load address 0x00002138
                0x2000005c                        . = ALIGN (0x4)
                0x2000005c                        __tdata_start = .
 *(.tdata .tdata.* .gnu.linkonce.td.*)
 *(.stdata .stdata.*)
                0x00000000                        __tdata_size = SIZEOF (.tdata)
                0x2000005c                        __tdata_end = (__tdata_start + __tdata_size)
                0x00002138                        __tdata_load_end = (__tdata_load_start + __tdata_size)
                0x00000001                        ASSERT (((__tdata_load_start == __tdata_load_end) || ((__tdata_load_end - ORIGIN (FLASH)) <= LENGTH (FLASH))), error: .tdata is too large to fit in FLASH memory segment)
                0x00000001                        ASSERT (((__tdata_start == __tdata_end) || ((__tdata_end - ORIGIN (RAM)) <= LENGTH (RAM))), error: .tdata is too large to fit in RAM memory segment)
                0x2000005c                        . = ALIGN (0x4)
                0x00002138                        __fast_load_start = ALIGN (__tdata_load_end, 0x4)

.fast           0x2000005c        0x0 load address 0x00002138
                0x2000005c                        . = ALIGN (0x4)
                0x2000005c                        __fast_start = .
 *(.fast .fast.*)
 *(.fastcode .fastcode.*)
 *(.fastdata .fastdata.*)
 *(.ramcode*)
                0x00000000                        __fast_size = SIZEOF (.fast)
                0x2000005c                        __fast_end = (__fast_start + __fast_size)
                0x00002138                        __fast_load_end = (__fast_load_start + __fast_size)
                0x00000001                        ASSERT (((__fast_load_start == __fast_load_end) || ((__fast_load_end - ORIGIN (FLASH)) <= LENGTH (FLASH))), error: .fast is too large to fit in FLASH memory segment)
                0x00000001                        ASSERT (((__fast_start == __fast_end) || ((__fast_end - ORIGIN (RAM)) <= LENGTH (RAM))), error: .fast is too large to fit in RAM memory segment)
                0x2000005c                        . = ALIGN (0x4)
                0x2000005c                        _edata = .
                [!provide]                        PROVIDE (edata = .)
                [!provide]                        PROVIDE (__edata = .)
                0x2000005c                        . = ALIGN (0x4)

.noinit         0x2000005c        0x0
                0x2000005c                        __noinit_start = .
                [!provide]                        PROVIDE (__noinit_start__ = .)
 *(.noinit .noinit.*)
 *(.no_init .no_init.*)
 *(.noninit .noninit.*)
 *(.non_init .non_init.*)
                0x2000005c                        . = ALIGN (0x4)
                0x00000000                        __noinit_size = SIZEOF (.noinit)
                0x2000005c                        __noinit_end = (__noinit_start + __noinit_size)
                0x2000005c                        __noinit_end__ = __noinit_end
                0x00000001                        ASSERT (((__noinit_start == __noinit_end) || ((__noinit_end - ORIGIN (RAM)) <= LENGTH (RAM))), error: .noinit is too large to fit in RAM memory segment)
                0x2000005c                        . = ALIGN (0x4)

.bss            0x2000005c      0x180 load address 0x00002138
                0x2000005c                        __bss_start = .
                0x2000005c                        PROVIDE (__bss_start__ = .)
 *(.bss* .gnu.linkonce.b.*)
 .bss.completed.1
                0x2000005c        0x1 C:/Apps/arm-toolchain/bin/../lib/gcc/arm-none-eabi/13.2.1/thumb/v8-m.main+fp/hard/crtbegin.o
 *fill*         0x2000005d        0x3 
 .bss.object.0  0x20000060       0x18 C:/Apps/arm-toolchain/bin/../lib/gcc/arm-none-eabi/13.2.1/thumb/v8-m.main+fp/hard/crtbegin.o
 .bss.m_cb      0x20000078       0x24 H:/DVA270/nrfx/src/sample/../../build/nrfx_uarte.c.o
 .bss.buffer    0x2000009c        0x1 H:/DVA270/nrfx/src/sample/../../build/main.c.o
                0x2000009c                buffer
 *fill*         0x2000009d        0x3 
 .bss.__sf      0x200000a0      0x138 C:/Apps/arm-toolchain/bin/../lib/gcc/arm-none-eabi/13.2.1/thumb/v8-m.main+fp/hard\libc_nano.a(libc_a-findfp.o)
                0x200000a0                __sf
 .bss.__stdio_exit_handler
                0x200001d8        0x4 C:/Apps/arm-toolchain/bin/../lib/gcc/arm-none-eabi/13.2.1/thumb/v8-m.main+fp/hard\libc_nano.a(libc_a-findfp.o)
                0x200001d8                __stdio_exit_handler
 *(.dynbss)
 *(COMMON)
                0x200001dc                        . = ALIGN (0x4)
                0x00000180                        __bss_size = SIZEOF (.bss)
                0x200001dc                        __bss_end = (__bss_start + __bss_size)
                0x200001dc                        __bss_end__ = __bss_end
                0x00000001                        ASSERT (((__bss_start == __bss_end) || ((__bss_end - ORIGIN (RAM)) <= LENGTH (RAM))), error: .bss is too large to fit in RAM memory segment)
                0x200001dc                        . = ALIGN (0x4)

.sbss           0x200001dc        0x0
                0x200001dc                        __sbss_start = .
                0x200001dc                        __sbss_start__ = __sbss_start
 *(.sbss .sbss.* .gnu.linkonce.sb.*)
 *(.sbss2 .sbss2.* .gnu.linkonce.sb2.*)
 *(.dynsbss)
                0x200001dc                        . = ALIGN (0x4)
                0x00000000                        __sbss_size = SIZEOF (.sbss)
                0x200001dc                        __sbss_end = (__sbss_start + __sbss_size)
                0x200001dc                        __sbss_end__ = __sbss_end
                0x00000001                        ASSERT (((__sbss_start == __sbss_end) || ((__sbss_end - ORIGIN (RAM)) <= LENGTH (RAM))), error: .sbss is too large to fit in RAM memory segment)
                0x200001dc                        . = ALIGN (0x4)

.tbss           0x200001dc        0x0
                0x200001dc                        __tbss_start = .
                0x200001dc                        __tbss_start__ = __tbss_start
                0x200001dc                        . = ALIGN (0x4)
 *(.tbss .tbss.* .gnu.linkonce.tb.*)
 *(.tcommon)
 *(.stbss .stbss.*)
                0x200001dc                        . = ALIGN (0x4)
                0x00000000                        __tbss_size = SIZEOF (.tbss)
                0x200001dc                        __tbss_end = (__tbss_start + __tbss_size)
                0x200001dc                        __tbss_end__ = __tbss_end
                0x00000001                        ASSERT (((__tbss_start == __tbss_end) || ((__tbss_end - ORIGIN (RAM)) <= LENGTH (RAM))), error: .tbss is too large to fit in RAM memory segment)
                0x200001dc                        . = ALIGN (0x4)
                0x200001dc                        . = SEGMENT_START ("ldata-segment", .)
                0x200001dc                        . = ALIGN (0x4)

.heap           0x200001dc     0x4004
                0x200001dc                        __heap_start = .
                0x200001dc                        __HeapBase = .
                0x200001dc                        __heap_base = .
                0x200001dc                        __end = .
                0x200001dc                        PROVIDE (end = .)
                [!provide]                        PROVIDE (_end = .)
                [!provide]                        PROVIDE (__end__ = .)
 *(.heap*)
 *fill*         0x200001dc        0x4 
 .heap          0x200001e0     0x4000 H:/DVA270/nrfx/src/sample/../../build/gcc_startup_nrf5340_application.S.o
                0x200041e0                        __HeapLimit = .
                0x200041e0                        __heap_limit = .
                0x200041e0                        __heap_end = .

.stack_dummy    0x200001e0     0x4000
 *(.stack*)
 .stack         0x200001e0     0x4000 H:/DVA270/nrfx/src/sample/../../build/gcc_startup_nrf5340_application.S.o
                0x20040000                        __stack_end = (ORIGIN (RAM) + LENGTH (RAM))
                0x20040000                        __StackTop = (ORIGIN (RAM) + LENGTH (RAM))
                0x2003c000                        __StackLimit = (__StackTop - SIZEOF (.stack_dummy))
                0x20040000                        PROVIDE (__stack = __StackTop)
                0x00000001                        ASSERT ((__StackLimit >= __HeapLimit), region RAM overflowed with stack)
                0x0000005c                        DataInitFlashUsed = (__bss_start - __data_start)
                0x000020dc                        CodeFlashUsed = (_etext - ORIGIN (FLASH))
                0x00002138                        TotalFlashUsed = (CodeFlashUsed + DataInitFlashUsed)
                0x00000001                        ASSERT ((TotalFlashUsed <= LENGTH (FLASH)), region FLASH overflowed with .data and user data)
OUTPUT(H:/DVA270/nrfx/src/sample/../../build/nrf_test1.elf elf32-littlearm)
LOAD linker stubs

.ARM.attributes
                0x00000000       0x36
 .ARM.attributes
                0x00000000       0x26 C:/Apps/arm-toolchain/bin/../lib/gcc/arm-none-eabi/13.2.1/thumb/v8-m.main+fp/hard/crti.o
 .ARM.attributes
                0x00000026       0x38 C:/Apps/arm-toolchain/bin/../lib/gcc/arm-none-eabi/13.2.1/thumb/v8-m.main+fp/hard/crtbegin.o
 .ARM.attributes
                0x0000005e       0x24 C:/Apps/arm-toolchain/bin/../lib/gcc/arm-none-eabi/13.2.1/thumb/v8-m.main+fp/hard/crt0.o
 .ARM.attributes
                0x00000082       0x24 H:/DVA270/nrfx/src/sample/../../build/gcc_startup_nrf5340_application.S.o
 .ARM.attributes
                0x000000a6       0x3a H:/DVA270/nrfx/src/sample/../../build/system_nrf5340_application.c.o
 .ARM.attributes
                0x000000e0       0x3a H:/DVA270/nrfx/src/sample/../../build/nrfx_uarte.c.o
 .ARM.attributes
                0x0000011a       0x3a H:/DVA270/nrfx/src/sample/../../build/nrfx_systick.c.o
 .ARM.attributes
                0x00000154       0x3a H:/DVA270/nrfx/src/sample/../../build/main.c.o
 .ARM.attributes
                0x0000018e       0x38 C:/Apps/arm-toolchain/bin/../lib/gcc/arm-none-eabi/13.2.1/thumb/v8-m.main+fp/hard\libc_nano.a(libc_a-atoi.o)
 .ARM.attributes
                0x000001c6       0x38 C:/Apps/arm-toolchain/bin/../lib/gcc/arm-none-eabi/13.2.1/thumb/v8-m.main+fp/hard\libc_nano.a(libc_a-exit.o)
 .ARM.attributes
                0x000001fe       0x38 C:/Apps/arm-toolchain/bin/../lib/gcc/arm-none-eabi/13.2.1/thumb/v8-m.main+fp/hard\libc_nano.a(libc_a-strtol.o)
 .ARM.attributes
                0x00000236       0x38 C:/Apps/arm-toolchain/bin/../lib/gcc/arm-none-eabi/13.2.1/thumb/v8-m.main+fp/hard\libc_nano.a(libc_a-ctype_.o)
 .ARM.attributes
                0x0000026e       0x38 C:/Apps/arm-toolchain/bin/../lib/gcc/arm-none-eabi/13.2.1/thumb/v8-m.main+fp/hard\libc_nano.a(libc_a-findfp.o)
 .ARM.attributes
                0x000002a6       0x38 C:/Apps/arm-toolchain/bin/../lib/gcc/arm-none-eabi/13.2.1/thumb/v8-m.main+fp/hard\libc_nano.a(libc_a-memset.o)
 .ARM.attributes
                0x000002de       0x38 C:/Apps/arm-toolchain/bin/../lib/gcc/arm-none-eabi/13.2.1/thumb/v8-m.main+fp/hard\libc_nano.a(libc_a-impure.o)
 .ARM.attributes
                0x00000316       0x38 C:/Apps/arm-toolchain/bin/../lib/gcc/arm-none-eabi/13.2.1/thumb/v8-m.main+fp/hard\libc_nano.a(libc_a-errno.o)
 .ARM.attributes
                0x0000034e       0x38 C:/Apps/arm-toolchain/bin/../lib/gcc/arm-none-eabi/13.2.1/thumb/v8-m.main+fp/hard\libc_nano.a(libc_a-init.o)
 .ARM.attributes
                0x00000386       0x38 C:/Apps/arm-toolchain/bin/../lib/gcc/arm-none-eabi/13.2.1/thumb/v8-m.main+fp/hard\libnosys.a(_exit.o)
 .ARM.attributes
                0x000003be       0x38 C:/Apps/arm-toolchain/bin/../lib/gcc/arm-none-eabi/13.2.1/thumb/v8-m.main+fp/hard/crtend.o
 .ARM.attributes
                0x000003f6       0x26 C:/Apps/arm-toolchain/bin/../lib/gcc/arm-none-eabi/13.2.1/thumb/v8-m.main+fp/hard/crtn.o

.comment        0x00000000       0x44
 .comment       0x00000000       0x44 H:/DVA270/nrfx/src/sample/../../build/system_nrf5340_application.c.o
                                 0x45 (size before relaxing)
 .comment       0x00000044       0x45 H:/DVA270/nrfx/src/sample/../../build/nrfx_uarte.c.o
 .comment       0x00000044       0x45 H:/DVA270/nrfx/src/sample/../../build/nrfx_systick.c.o
 .comment       0x00000044       0x45 H:/DVA270/nrfx/src/sample/../../build/main.c.o

.debug_line_str
                0x00000000      0x129
 .debug_line_str
                0x00000000      0x129 C:/Apps/arm-toolchain/bin/../lib/gcc/arm-none-eabi/13.2.1/thumb/v8-m.main+fp/hard/crt0.o
                                 0xda (size before relaxing)
 .debug_line_str
                0x00000129       0x4f H:/DVA270/nrfx/src/sample/../../build/gcc_startup_nrf5340_application.S.o

.debug_line     0x00000000     0x3bd5
 .debug_line    0x00000000       0x84 H:/DVA270/nrfx/src/sample/../../build/gcc_startup_nrf5340_application.S.o
 .debug_line    0x00000084     0x1983 H:/DVA270/nrfx/src/sample/../../build/system_nrf5340_application.c.o
 .debug_line    0x00001a07     0x14a5 H:/DVA270/nrfx/src/sample/../../build/nrfx_uarte.c.o
 .debug_line    0x00002eac      0x6dc H:/DVA270/nrfx/src/sample/../../build/nrfx_systick.c.o
 .debug_line    0x00003588      0x64d H:/DVA270/nrfx/src/sample/../../build/main.c.o

.debug_info     0x00000000     0x631b
 .debug_info    0x00000000      0x2d8 H:/DVA270/nrfx/src/sample/../../build/gcc_startup_nrf5340_application.S.o
 .debug_info    0x000002d8     0x2c1d H:/DVA270/nrfx/src/sample/../../build/system_nrf5340_application.c.o
 .debug_info    0x00002ef5     0x245c H:/DVA270/nrfx/src/sample/../../build/nrfx_uarte.c.o
 .debug_info    0x00005351      0x32d H:/DVA270/nrfx/src/sample/../../build/nrfx_systick.c.o
 .debug_info    0x0000567e      0xc9d H:/DVA270/nrfx/src/sample/../../build/main.c.o

.debug_abbrev   0x00000000      0xa8e
 .debug_abbrev  0x00000000       0x28 H:/DVA270/nrfx/src/sample/../../build/gcc_startup_nrf5340_application.S.o
 .debug_abbrev  0x00000028      0x251 H:/DVA270/nrfx/src/sample/../../build/system_nrf5340_application.c.o
 .debug_abbrev  0x00000279      0x3bc H:/DVA270/nrfx/src/sample/../../build/nrfx_uarte.c.o
 .debug_abbrev  0x00000635      0x1ef H:/DVA270/nrfx/src/sample/../../build/nrfx_systick.c.o
 .debug_abbrev  0x00000824      0x26a H:/DVA270/nrfx/src/sample/../../build/main.c.o

.debug_aranges  0x00000000      0x718
 .debug_aranges
                0x00000000       0x20 H:/DVA270/nrfx/src/sample/../../build/gcc_startup_nrf5340_application.S.o
 .debug_aranges
                0x00000020      0x398 H:/DVA270/nrfx/src/sample/../../build/system_nrf5340_application.c.o
 .debug_aranges
                0x000003b8      0x2c0 H:/DVA270/nrfx/src/sample/../../build/nrfx_uarte.c.o
 .debug_aranges
                0x00000678       0x70 H:/DVA270/nrfx/src/sample/../../build/nrfx_systick.c.o
 .debug_aranges
                0x000006e8       0x30 H:/DVA270/nrfx/src/sample/../../build/main.c.o

.debug_str      0x00000000    0x97ff4
 .debug_str     0x00000000    0x97ff4 H:/DVA270/nrfx/src/sample/../../build/gcc_startup_nrf5340_application.S.o
                                0x3eb (size before relaxing)
 .debug_str     0x00097ff4    0x845c1 H:/DVA270/nrfx/src/sample/../../build/system_nrf5340_application.c.o
 .debug_str     0x00097ff4    0x94dd9 H:/DVA270/nrfx/src/sample/../../build/nrfx_uarte.c.o
 .debug_str     0x00097ff4    0x92c33 H:/DVA270/nrfx/src/sample/../../build/nrfx_systick.c.o
 .debug_str     0x00097ff4    0x9410a H:/DVA270/nrfx/src/sample/../../build/main.c.o

.debug_rnglists
                0x00000000      0x534
 .debug_rnglists
                0x00000000      0x2ae H:/DVA270/nrfx/src/sample/../../build/system_nrf5340_application.c.o
 .debug_rnglists
                0x000002ae      0x216 H:/DVA270/nrfx/src/sample/../../build/nrfx_uarte.c.o
 .debug_rnglists
                0x000004c4       0x50 H:/DVA270/nrfx/src/sample/../../build/nrfx_systick.c.o
 .debug_rnglists
                0x00000514       0x20 H:/DVA270/nrfx/src/sample/../../build/main.c.o

.debug_macro    0x00000000    0x18a60
 .debug_macro   0x00000000      0x16a H:/DVA270/nrfx/src/sample/../../build/system_nrf5340_application.c.o
 .debug_macro   0x0000016a      0xaf0 H:/DVA270/nrfx/src/sample/../../build/system_nrf5340_application.c.o
 .debug_macro   0x00000c5a       0x22 H:/DVA270/nrfx/src/sample/../../build/system_nrf5340_application.c.o
 .debug_macro   0x00000c7c       0x56 H:/DVA270/nrfx/src/sample/../../build/system_nrf5340_application.c.o
 .debug_macro   0x00000cd2       0x51 H:/DVA270/nrfx/src/sample/../../build/system_nrf5340_application.c.o
 .debug_macro   0x00000d23      0x103 H:/DVA270/nrfx/src/sample/../../build/system_nrf5340_application.c.o
 .debug_macro   0x00000e26       0x6a H:/DVA270/nrfx/src/sample/../../build/system_nrf5340_application.c.o
 .debug_macro   0x00000e90      0x1df H:/DVA270/nrfx/src/sample/../../build/system_nrf5340_application.c.o
 .debug_macro   0x0000106f       0x22 H:/DVA270/nrfx/src/sample/../../build/system_nrf5340_application.c.o
 .debug_macro   0x00001091       0x2e H:/DVA270/nrfx/src/sample/../../build/system_nrf5340_application.c.o
 .debug_macro   0x000010bf       0x50 H:/DVA270/nrfx/src/sample/../../build/system_nrf5340_application.c.o
 .debug_macro   0x0000110f       0x1c H:/DVA270/nrfx/src/sample/../../build/system_nrf5340_application.c.o
 .debug_macro   0x0000112b       0x29 H:/DVA270/nrfx/src/sample/../../build/system_nrf5340_application.c.o
 .debug_macro   0x00001154       0xfb H:/DVA270/nrfx/src/sample/../../build/system_nrf5340_application.c.o
 .debug_macro   0x0000124f     0x1685 H:/DVA270/nrfx/src/sample/../../build/system_nrf5340_application.c.o
 .debug_macro   0x000028d4       0x5e H:/DVA270/nrfx/src/sample/../../build/system_nrf5340_application.c.o
 .debug_macro   0x00002932      0x7ba H:/DVA270/nrfx/src/sample/../../build/system_nrf5340_application.c.o
 .debug_macro   0x000030ec    0x1248c H:/DVA270/nrfx/src/sample/../../build/system_nrf5340_application.c.o
 .debug_macro   0x00015578       0x52 H:/DVA270/nrfx/src/sample/../../build/system_nrf5340_application.c.o
 .debug_macro   0x000155ca       0x12 H:/DVA270/nrfx/src/sample/../../build/system_nrf5340_application.c.o
 .debug_macro   0x000155dc       0x6a H:/DVA270/nrfx/src/sample/../../build/system_nrf5340_application.c.o
 .debug_macro   0x00015646      0x44e H:/DVA270/nrfx/src/sample/../../build/system_nrf5340_application.c.o
 .debug_macro   0x00015a94      0x5e4 H:/DVA270/nrfx/src/sample/../../build/system_nrf5340_application.c.o
 .debug_macro   0x00016078      0x2cc H:/DVA270/nrfx/src/sample/../../build/nrfx_uarte.c.o
 .debug_macro   0x00016344       0x52 H:/DVA270/nrfx/src/sample/../../build/nrfx_uarte.c.o
 .debug_macro   0x00016396       0x1c H:/DVA270/nrfx/src/sample/../../build/nrfx_uarte.c.o
 .debug_macro   0x000163b2      0x5f9 H:/DVA270/nrfx/src/sample/../../build/nrfx_uarte.c.o
 .debug_macro   0x000169ab      0x189 H:/DVA270/nrfx/src/sample/../../build/nrfx_uarte.c.o
 .debug_macro   0x00016b34       0x7b H:/DVA270/nrfx/src/sample/../../build/nrfx_uarte.c.o
 .debug_macro   0x00016baf       0x2a H:/DVA270/nrfx/src/sample/../../build/nrfx_uarte.c.o
 .debug_macro   0x00016bd9       0x3c H:/DVA270/nrfx/src/sample/../../build/nrfx_uarte.c.o
 .debug_macro   0x00016c15       0x34 H:/DVA270/nrfx/src/sample/../../build/nrfx_uarte.c.o
 .debug_macro   0x00016c49      0x38c H:/DVA270/nrfx/src/sample/../../build/nrfx_uarte.c.o
 .debug_macro   0x00016fd5       0x16 H:/DVA270/nrfx/src/sample/../../build/nrfx_uarte.c.o
 .debug_macro   0x00016feb       0x4a H:/DVA270/nrfx/src/sample/../../build/nrfx_uarte.c.o
 .debug_macro   0x00017035       0x34 H:/DVA270/nrfx/src/sample/../../build/nrfx_uarte.c.o
 .debug_macro   0x00017069       0x10 H:/DVA270/nrfx/src/sample/../../build/nrfx_uarte.c.o
 .debug_macro   0x00017079       0x58 H:/DVA270/nrfx/src/sample/../../build/nrfx_uarte.c.o
 .debug_macro   0x000170d1      0x1de H:/DVA270/nrfx/src/sample/../../build/nrfx_uarte.c.o
 .debug_macro   0x000172af       0x10 H:/DVA270/nrfx/src/sample/../../build/nrfx_uarte.c.o
 .debug_macro   0x000172bf       0x3c H:/DVA270/nrfx/src/sample/../../build/nrfx_uarte.c.o
 .debug_macro   0x000172fb       0x7c H:/DVA270/nrfx/src/sample/../../build/nrfx_uarte.c.o
 .debug_macro   0x00017377       0x17 H:/DVA270/nrfx/src/sample/../../build/nrfx_uarte.c.o
 .debug_macro   0x0001738e       0xee H:/DVA270/nrfx/src/sample/../../build/nrfx_uarte.c.o
 .debug_macro   0x0001747c      0xa39 H:/DVA270/nrfx/src/sample/../../build/nrfx_uarte.c.o
 .debug_macro   0x00017eb5       0x64 H:/DVA270/nrfx/src/sample/../../build/nrfx_uarte.c.o
 .debug_macro   0x00017f19      0x10f H:/DVA270/nrfx/src/sample/../../build/nrfx_uarte.c.o
 .debug_macro   0x00018028       0xf7 H:/DVA270/nrfx/src/sample/../../build/nrfx_uarte.c.o
 .debug_macro   0x0001811f       0x34 H:/DVA270/nrfx/src/sample/../../build/nrfx_uarte.c.o
 .debug_macro   0x00018153       0x4c H:/DVA270/nrfx/src/sample/../../build/nrfx_uarte.c.o
 .debug_macro   0x0001819f       0x16 H:/DVA270/nrfx/src/sample/../../build/nrfx_uarte.c.o
 .debug_macro   0x000181b5       0x22 H:/DVA270/nrfx/src/sample/../../build/nrfx_uarte.c.o
 .debug_macro   0x000181d7       0x17 H:/DVA270/nrfx/src/sample/../../build/nrfx_uarte.c.o
 .debug_macro   0x000181ee       0x28 H:/DVA270/nrfx/src/sample/../../build/nrfx_uarte.c.o
 .debug_macro   0x00018216       0x7b H:/DVA270/nrfx/src/sample/../../build/nrfx_uarte.c.o
 .debug_macro   0x00018291       0x41 H:/DVA270/nrfx/src/sample/../../build/nrfx_uarte.c.o
 .debug_macro   0x000182d2      0x29e H:/DVA270/nrfx/src/sample/../../build/nrfx_systick.c.o
 .debug_macro   0x00018570       0x10 H:/DVA270/nrfx/src/sample/../../build/nrfx_systick.c.o
 .debug_macro   0x00018580      0x326 H:/DVA270/nrfx/src/sample/../../build/main.c.o
 .debug_macro   0x000188a6       0x16 H:/DVA270/nrfx/src/sample/../../build/main.c.o
 .debug_macro   0x000188bc       0x22 H:/DVA270/nrfx/src/sample/../../build/main.c.o
 .debug_macro   0x000188de       0x1c H:/DVA270/nrfx/src/sample/../../build/main.c.o
 .debug_macro   0x000188fa       0x10 H:/DVA270/nrfx/src/sample/../../build/main.c.o
 .debug_macro   0x0001890a       0x16 H:/DVA270/nrfx/src/sample/../../build/main.c.o
 .debug_macro   0x00018920       0x16 H:/DVA270/nrfx/src/sample/../../build/main.c.o
 .debug_macro   0x00018936      0x12a H:/DVA270/nrfx/src/sample/../../build/main.c.o

.debug_frame    0x00000000     0x21c0
 .debug_frame   0x00000000     0x10bc H:/DVA270/nrfx/src/sample/../../build/system_nrf5340_application.c.o
 .debug_frame   0x000010bc      0xc58 H:/DVA270/nrfx/src/sample/../../build/nrfx_uarte.c.o
 .debug_frame   0x00001d14      0x1a4 H:/DVA270/nrfx/src/sample/../../build/nrfx_systick.c.o
 .debug_frame   0x00001eb8       0x7c H:/DVA270/nrfx/src/sample/../../build/main.c.o
 .debug_frame   0x00001f34       0x30 C:/Apps/arm-toolchain/bin/../lib/gcc/arm-none-eabi/13.2.1/thumb/v8-m.main+fp/hard\libc_nano.a(libc_a-atoi.o)
 .debug_frame   0x00001f64       0x28 C:/Apps/arm-toolchain/bin/../lib/gcc/arm-none-eabi/13.2.1/thumb/v8-m.main+fp/hard\libc_nano.a(libc_a-exit.o)
 .debug_frame   0x00001f8c       0x64 C:/Apps/arm-toolchain/bin/../lib/gcc/arm-none-eabi/13.2.1/thumb/v8-m.main+fp/hard\libc_nano.a(libc_a-strtol.o)
 .debug_frame   0x00001ff0      0x144 C:/Apps/arm-toolchain/bin/../lib/gcc/arm-none-eabi/13.2.1/thumb/v8-m.main+fp/hard\libc_nano.a(libc_a-findfp.o)
 .debug_frame   0x00002134       0x20 C:/Apps/arm-toolchain/bin/../lib/gcc/arm-none-eabi/13.2.1/thumb/v8-m.main+fp/hard\libc_nano.a(libc_a-memset.o)
 .debug_frame   0x00002154       0x20 C:/Apps/arm-toolchain/bin/../lib/gcc/arm-none-eabi/13.2.1/thumb/v8-m.main+fp/hard\libc_nano.a(libc_a-errno.o)
 .debug_frame   0x00002174       0x2c C:/Apps/arm-toolchain/bin/../lib/gcc/arm-none-eabi/13.2.1/thumb/v8-m.main+fp/hard\libc_nano.a(libc_a-init.o)
 .debug_frame   0x000021a0       0x20 C:/Apps/arm-toolchain/bin/../lib/gcc/arm-none-eabi/13.2.1/thumb/v8-m.main+fp/hard\libnosys.a(_exit.o)
